bash: virtualenvwrapper.sh: No such file or directory

Shashwat@DESKTOP-H5PIUV5 MINGW64 ~
$ cd /d/python-project/library_management_system

Shashwat@DESKTOP-H5PIUV5 MINGW64 /d/python-project/library_management_system (master)
$ cd \venv

Shashwat@DESKTOP-H5PIUV5 MINGW64 /d/python-project/library_management_system/venv (master)
$ source Scripts/activate
(venv)
Shashwat@DESKTOP-H5PIUV5 MINGW64 /d/python-project/library_management_system/venv (master)
$ cd /d/python-project/library_management_system
(venv)
Shashwat@DESKTOP-H5PIUV5 MINGW64 /d/python-project/library_management_system (master)
$ pip install sqlalchemy
Collecting sqlalchemy
  Downloading https://files.pythonhosted.org/packages/55/98/56b7155bab287cd0c78dee26258835db36e91f2efef41f125ed6f6f1f334/SQLAlchemy-1.3.6.tar.gz (5.9MB)
Installing collected packages: sqlalchemy
  Running setup.py install for sqlalchemy: started
    Running setup.py install for sqlalchemy: finished with status 'done'
Successfully installed sqlalchemy-1.3.6
You are using pip version 10.0.1, however version 19.2.1 is available.
You should consider upgrading via the 'python -m pip install --upgrade pip' command.
(venv)
Shashwat@DESKTOP-H5PIUV5 MINGW64 /d/python-project/library_management_system (master)
$ pip freeze > requirements.txt
You are using pip version 10.0.1, however version 19.2.1 is available.
You should consider upgrading via the 'python -m pip install --upgrade pip' command.
(venv)
Shashwat@DESKTOP-H5PIUV5 MINGW64 /d/python-project/library_management_system (master)
$ ls
 database_practice.py   library_interface.py   numpy_practice.py   requirements.txt   sales.db  'Tracking Gitbash Progress'/   venv/
(venv)
Shashwat@DESKTOP-H5PIUV5 MINGW64 /d/python-project/library_management_system (master)
$ git add.
git: 'add.' is not a git command. See 'git --help'.

The most similar command is
        add
(venv)
Shashwat@DESKTOP-H5PIUV5 MINGW64 /d/python-project/library_management_system (master)
$ git add --all
warning: LF will be replaced by CRLF in .idea/workspace.xml.
The file will have its original line endings in your working directory
(venv)
Shashwat@DESKTOP-H5PIUV5 MINGW64 /d/python-project/library_management_system (master)
$ git commit -m "Stored class data in a MySQL DB using SQLAlchemy"
[master b3cd807] Stored class data in a MySQL DB using SQLAlchemy
 6 files changed, 169 insertions(+), 24 deletions(-)
 create mode 100644 database_practice.py
 create mode 100644 numpy_practice.py
 create mode 100644 sales.db
(venv)
Shashwat@DESKTOP-H5PIUV5 MINGW64 /d/python-project/library_management_system (master)
$ git push origin master
Enumerating objects: 14, done.
Counting objects: 100% (14/14), done.
Delta compression using up to 4 threads
Compressing objects: 100% (9/9), done.
Writing objects: 100% (9/9), 2.68 KiB | 687.00 KiB/s, done.
Total 9 (delta 4), reused 0 (delta 0)
remote: Resolving deltas: 100% (4/4), completed with 4 local objects.
To https://github.com/cluelessno1/library_management_system.git
   9aa7f66..b3cd807  master -> master
(venv)
Shashwat@DESKTOP-H5PIUV5 MINGW64 /d/python-project/library_management_system (master)
$
